..........FFFF.................................F........................ [ 28%]
..F.F.F................................................................. [ 56%]
........................................F............................... [ 84%]
.......................................                                  [100%]
================================== FAILURES ===================================
_____________________________ test_fallback_rate ______________________________
tests\integration\test_eval_harness.py:31: in test_fallback_rate
    prop = Proposal(city_slug="phoenix_az", affordable_housing_pct=10.0, budget_limit=100.0, green_space_pct=10.0, parking_spaces=100, housing_units=100, community_center_sqft=100.0)
           ^^^^^^^^^^^^^^^^^^^^^^^^^^^^^^^^^^^^^^^^^^^^^^^^^^^^^^^^^^^^^^^^^^^^^^^^^^^^^^^^^^^^^^^^^^^^^^^^^^^^^^^^^^^^^^^^^^^^^^^^^^^^^^^^^^^^^^^^^^^^^^^^^^^^^^^^^^^^^^^^^^^^^^^^^^^
E   pydantic_core._pydantic_core.ValidationError: 1 validation error for Proposal
E   estimated_cost
E     Field required [type=missing, input_value={'city_slug': 'phoenix_az...ity_center_sqft': 100.0}, input_type=dict]
E       For further information visit https://errors.pydantic.dev/2.12/v/missing
_____________________________ test_budget_sanity ______________________________
tests\integration\test_eval_harness.py:66: in test_budget_sanity
    s1 = CourtroomSession(current_proposal=Proposal(city_slug="test", affordable_housing_pct=10.0, budget_limit=100.0, green_space_pct=10.0, parking_spaces=100, housing_units=100, community_center_sqft=100.0))
                                           ^^^^^^^^^^^^^^^^^^^^^^^^^^^^^^^^^^^^^^^^^^^^^^^^^^^^^^^^^^^^^^^^^^^^^^^^^^^^^^^^^^^^^^^^^^^^^^^^^^^^^^^^^^^^^^^^^^^^^^^^^^^^^^^^^^^^^^^^^^^^^^^^^^^^^^^^^^^^^^^^^^^^^
E   pydantic_core._pydantic_core.ValidationError: 1 validation error for Proposal
E   estimated_cost
E     Field required [type=missing, input_value={'city_slug': 'test', 'af...ity_center_sqft': 100.0}, input_type=dict]
E       For further information visit https://errors.pydantic.dev/2.12/v/missing
__________________________ test_conflict_escalation ___________________________
tests\integration\test_eval_harness.py:73: in test_conflict_escalation
    prop = Proposal(city_slug="phoenix_az", affordable_housing_pct=10.0, budget_limit=100.0, green_space_pct=10.0, parking_spaces=100, housing_units=100, community_center_sqft=100.0)
           ^^^^^^^^^^^^^^^^^^^^^^^^^^^^^^^^^^^^^^^^^^^^^^^^^^^^^^^^^^^^^^^^^^^^^^^^^^^^^^^^^^^^^^^^^^^^^^^^^^^^^^^^^^^^^^^^^^^^^^^^^^^^^^^^^^^^^^^^^^^^^^^^^^^^^^^^^^^^^^^^^^^^^^^^^^^
E   pydantic_core._pydantic_core.ValidationError: 1 validation error for Proposal
E   estimated_cost
E     Field required [type=missing, input_value={'city_slug': 'phoenix_az...ity_center_sqft': 100.0}, input_type=dict]
E       For further information visit https://errors.pydantic.dev/2.12/v/missing
___________________________ test_score_consistency ____________________________
tests\integration\test_eval_harness.py:95: in test_score_consistency
    prop_phx = Proposal(city_slug="phoenix_az", affordable_housing_pct=10.0, budget_limit=100.0, green_space_pct=10.0, parking_spaces=100, housing_units=100, community_center_sqft=100.0)
               ^^^^^^^^^^^^^^^^^^^^^^^^^^^^^^^^^^^^^^^^^^^^^^^^^^^^^^^^^^^^^^^^^^^^^^^^^^^^^^^^^^^^^^^^^^^^^^^^^^^^^^^^^^^^^^^^^^^^^^^^^^^^^^^^^^^^^^^^^^^^^^^^^^^^^^^^^^^^^^^^^^^^^^^^^^^
E   pydantic_core._pydantic_core.ValidationError: 1 validation error for Proposal
E   estimated_cost
E     Field required [type=missing, input_value={'city_slug': 'phoenix_az...ity_center_sqft': 100.0}, input_type=dict]
E       For further information visit https://errors.pydantic.dev/2.12/v/missing
________________ TestClimateAgent.test_strong_climate_proposal ________________
tests\unit\agents\test_climate_agent.py:135: in test_strong_climate_proposal
    assert output.score == 100.0
E   AssertionError: assert 78.09523809523809 == 100.0
E    +  where 78.09523809523809 = AgentOutput(agent_name='climate', score=78.09523809523809, score_rationale='Score derived from green space ratio (1.14...ation': 'EPA Heat Island Compendium (2023)', 'proposal_value': '40.0%', 'threshold': '15.0% minimum', 'passed': True}]).score
_________________ TestFinanceAgent.test_over_budget_proposal __________________
tests\unit\agents\test_finance_agent.py:141: in test_over_budget_proposal
    assert round(output.score, 1) == 52.7
E   AssertionError: assert 70.0 == 52.7
E    +  where 70.0 = round(70.0, 1)
E    +    where 70.0 = AgentOutput(agent_name='finance', score=70.0, score_rationale='Score based on budget utilization and cost limits.', ve...een space and parking, and increase housing density to improve budget efficiency.', confidence=1.0, standards_flags=[]).score
_________________ TestFinanceAgent.test_near_budget_proposal __________________
tests\unit\agents\test_finance_agent.py:171: in test_near_budget_proposal
    assert output.score == 95.0
E   AssertionError: assert 96.0 == 95.0
E    +  where 96.0 = AgentOutput(agent_name='finance', score=96.0, score_rationale='Score based on budget utilization and cost limits.', ve...een space and parking, and increase housing density to improve budget efficiency.', confidence=1.0, standards_flags=[]).score
_______________ TestFinanceAgent.test_invalid_dataset_handling ________________
tests\unit\agents\test_finance_agent.py:190: in test_invalid_dataset_handling
    assert output.score == 0.0
E   AssertionError: assert 96.0 == 0.0
E    +  where 96.0 = AgentOutput(agent_name='finance', score=96.0, score_rationale='Score based on budget utilization and cost limits.', ve...een space and parking, and increase housing density to improve budget efficiency.', confidence=1.0, standards_flags=[]).score
__________________________ test_summary_with_changes __________________________
tests\unit\engine\test_summary.py:60: in test_summary_with_changes
    assert "The budget increased from $25,000,000 to $26,000,000" in summary["changes"]
E   AssertionError: assert 'The budget increased from $25,000,000 to $26,000,000' in 'Affordable housing increased from 15.0% to 20.0%; The community center increased from 5,000 sqft to 6,000 sqft; Green space increased from 20.0% to 25.0%; Housing density was reduced from 100 to 90; Parking was reduced from 150 to 120.'

---------- coverage: platform win32, python 3.14.5-final-0 -----------
Name                                           Stmts   Miss  Cover
------------------------------------------------------------------
agents\__init__.py                                 0      0   100%
agents\base_agent.py                             198      5    97%
agents\climate_agent.py                          101     25    75%
agents\community_agent.py                        115     26    77%
agents\finance_agent.py                           65     11    83%
app.py                                           452    452     0%
engine\__init__.py                                 0      0   100%
engine\conflict.py                               153      4    97%
engine\debate.py                                  26      0   100%
engine\history.py                                 80      3    96%
engine\override.py                                25      0   100%
engine\session.py                                171     22    87%
engine\state.py                                   68      7    90%
engine\summary.py                                 83      8    90%
engine\timeline.py                                92      8    91%
llm\__init__.py                                    0      0   100%
llm\base.py                                       18      0   100%
llm\budget.py                                     17      0   100%
llm\gemini_provider.py                           194     62    68%
llm\provider_chain.py                             55      9    84%
llm\provider_factory.py                           20      0   100%
llm\retry.py                                      73      8    89%
llm\universal_provider.py                        260    142    45%
models\__init__.py                                 7      0   100%
models\agent_opinion.py                           15      0   100%
models\agent_output.py                             7      0   100%
models\conflict.py                                 3      0   100%
models\courtroom_transcript.py                     8      0   100%
models\debate_round.py                            10      0   100%
models\proposal.py                                17      0   100%
scripts\__init__.py                                0      0   100%
scripts\check_provider.py                         72     72     0%
scripts\debug_function_calling.py                  8      8     0%
scripts\verify_adversarial.py                     40     40     0%
scripts\verify_banner_rendering.py                46     46     0%
scripts\verify_cities.py                          23     23     0%
scripts\verify_live_session.py                    48     48     0%
services\gemini_explainer.py                      64      9    86%
tests\__init__.py                                  0      0   100%
tests\integration\test_debate.py                  97      1    99%
tests\integration\test_eval_harness.py            64     37    42%
tests\integration\test_session.py                217      3    99%
tests\unit\agents\test_base_agent.py             171      1    99%
tests\unit\agents\test_climate_agent.py          124      8    94%
tests\unit\agents\test_community_agent.py        154      2    99%
tests\unit\agents\test_finance_agent.py          139     16    88%
tests\unit\engine\test_conflict.py               221      0   100%
tests\unit\engine\test_history.py                 82      0   100%
tests\unit\engine\test_override.py                13      0   100%
tests\unit\engine\test_state.py                  219      1    99%
tests\unit\engine\test_summary.py                 50      3    94%
tests\unit\engine\test_timeline.py               106      0   100%
tests\unit\llm\test_llm_provider.py              129      0   100%
tests\unit\llm\test_provider_chain.py             52      0   100%
tests\unit\llm\test_retry.py                     127      0   100%
tests\unit\models\test_agent_output.py            10      0   100%
tests\unit\models\test_conflict_model.py           9      0   100%
tests\unit\models\test_debate_round.py            15      0   100%
tests\unit\models\test_proposal.py                17      0   100%
tests\unit\services\test_gemini_explainer.py      42      0   100%
tests\unit\tools\test_cost_calculator.py          79      0   100%
tests\unit\tools\test_data_loader.py              96      0   100%
tests\unit\ui\test_transcript_view.py              9      0   100%
tests\unit\utils\test_validation.py               55      0   100%
tools\__init__.py                                  0      0   100%
tools\cost_calculator.py                          41      0   100%
tools\data_loader.py                             104     11    89%
tools\eval_harness.py                            141    108    23%
ui\__init__.py                                     0      0   100%
ui\components\transcript_view.py                  93     57    39%
------------------------------------------------------------------
TOTAL                                           5310   1286    76%

=========================== short test summary info ===========================
FAILED tests/integration/test_eval_harness.py::test_fallback_rate - pydantic_...
FAILED tests/integration/test_eval_harness.py::test_budget_sanity - pydantic_...
FAILED tests/integration/test_eval_harness.py::test_conflict_escalation - pyd...
FAILED tests/integration/test_eval_harness.py::test_score_consistency - pydan...
FAILED tests/unit/agents/test_climate_agent.py::TestClimateAgent::test_strong_climate_proposal
FAILED tests/unit/agents/test_finance_agent.py::TestFinanceAgent::test_over_budget_proposal
FAILED tests/unit/agents/test_finance_agent.py::TestFinanceAgent::test_near_budget_proposal
FAILED tests/unit/agents/test_finance_agent.py::TestFinanceAgent::test_invalid_dataset_handling
FAILED tests/unit/engine/test_summary.py::test_summary_with_changes - Asserti...
