============================= test session starts =============================
platform win32 -- Python 3.14.5, pytest-8.4.2, pluggy-1.6.0
rootdir: C:\random\Desktop\NeighbourhoodCourtroom
configfile: pyproject.toml
testpaths: tests
plugins: anyio-4.14.0, cov-5.0.0
collected 253 items

tests\e2e\test_app_flow.py .                                             [  0%]
tests\integration\test_debate.py ......FF.                               [  3%]
tests\integration\test_eval_harness.py .....                             [  5%]
tests\integration\test_session.py ...............                        [ 11%]
tests\regression\test_bugfixes.py .                                      [ 12%]
tests\unit\agents\test_base_agent.py .................                   [ 18%]
tests\unit\agents\test_climate_agent.py ............                     [ 23%]
tests\unit\agents\test_community_agent.py ................               [ 30%]
tests\unit\agents\test_finance_agent.py ............                     [ 34%]
tests\unit\engine\test_conflict.py ..................................... [ 49%]
..........                                                               [ 53%]
tests\unit\engine\test_history.py ..........                             [ 57%]
tests\unit\engine\test_override.py .                                     [ 57%]
tests\unit\engine\test_state.py ...................................      [ 71%]
tests\unit\engine\test_summary.py FFFF                                   [ 73%]
tests\unit\engine\test_timeline.py .....                                 [ 75%]
tests\unit\llm\test_llm_provider.py .............                        [ 80%]
tests\unit\llm\test_provider_chain.py .....                              [ 82%]
tests\unit\llm\test_retry.py .......F                                    [ 85%]
tests\unit\models\test_agent_output.py ..                                [ 86%]
tests\unit\models\test_conflict_model.py ..                              [ 86%]
tests\unit\models\test_debate_round.py .                                 [ 87%]
tests\unit\models\test_proposal.py ...                                   [ 88%]
tests\unit\services\test_gemini_explainer.py FFF                         [ 89%]
tests\unit\tools\test_cost_calculator.py FFFFFFFFF                       [ 93%]
tests\unit\tools\test_data_loader.py ...........                         [ 97%]
tests\unit\ui\test_transcript_view.py .                                  [ 98%]
tests\unit\utils\test_validation.py .....                                [100%]

================================== FAILURES ===================================
__________ TestRunDebateRound.test_estimated_cost_proposals_ignored ___________

self = <test_debate.TestRunDebateRound object at 0x000001D638C407C0>
base_proposal = Proposal(proposal_id='bdbc64df', city_slug='phoenix_az', version=1, green_space_pct=20.0, affordable_housing_pct=15.0, housing_units=100, parking_spaces=100, community_center_sqft=5000.0, agent_scores={}, human_locks={}, change_log=[])

    def test_estimated_cost_proposals_ignored(self, base_proposal: Proposal) -> None:
        outputs = {
            "rogue_agent": _make_output("rogue_agent", {"estimated_cost": 99_000_000.0, "housing_units": 200.0})
        }
    
        calc = MockCostCalculator()
        round_record, updated = run_debate_round(base_proposal, outputs, cost_calculator=calc)
    
        # Housing units changed
        assert updated.housing_units == 200
    
        # Cost should be derived from housing units (200*1000 + 100*500 + 20.0*100 = 252000), not the rogue agent's proposal
>       assert updated.estimated_cost == 252000.0
               ^^^^^^^^^^^^^^^^^^^^^^

tests\integration\test_debate.py:192: 
_ _ _ _ _ _ _ _ _ _ _ _ _ _ _ _ _ _ _ _ _ _ _ _ _ _ _ _ _ _ _ _ _ _ _ _ _ _ _ _

self = Proposal(proposal_id='bdbc64df', city_slug='phoenix_az', version=2, green_space_pct=20.0, affordable_housing_pct=15.0,...n': 'changed', 'parameter': 'housing_units', 'old': 100, 'new': 200, 'timestamp': '2026-07-02T09:55:16.929710+00:00'}])
item = 'estimated_cost'

    def __getattr__(self, item: str) -> Any:
        private_attributes = object.__getattribute__(self, '__private_attributes__')
        if item in private_attributes:
            attribute = private_attributes[item]
            if hasattr(attribute, '__get__'):
                return attribute.__get__(self, type(self))  # type: ignore
    
            try:
                # Note: self.__pydantic_private__ cannot be None if self.__private_attributes__ has items
                return self.__pydantic_private__[item]  # type: ignore
            except KeyError as exc:
                raise AttributeError(f'{type(self).__name__!r} object has no attribute {item!r}') from exc
        else:
            # `__pydantic_extra__` can fail to be set if the model is not yet fully initialized.
            # See `BaseModel.__repr_args__` for more details
            try:
                pydantic_extra = object.__getattribute__(self, '__pydantic_extra__')
            except AttributeError:
                pydantic_extra = None
    
            if pydantic_extra and item in pydantic_extra:
                return pydantic_extra[item]
            else:
                if hasattr(self.__class__, item):
                    return super().__getattribute__(item)  # Raises AttributeError if appropriate
                else:
                    # this is the current error
>                   raise AttributeError(f'{type(self).__name__!r} object has no attribute {item!r}')
E                   AttributeError: 'Proposal' object has no attribute 'estimated_cost'

.venv\Lib\site-packages\pydantic\main.py:1042: AttributeError
------------------------------ Captured log call ------------------------------
WARNING  engine.state:state.py:164 Agent 'engine' attempted to modify estimated_cost directly. estimated_cost is a derived field and was ignored.
_______________ TestRunDebateRound.test_end_to_end_integration ________________

self = <test_debate.TestRunDebateRound object at 0x000001D638BE3050>

    def test_end_to_end_integration(self) -> None:
        """Full end to end test of State + Conflict + Debate engines."""
        # 1. create_initial_proposal
        proposal = create_initial_proposal(
            city_slug="detroit_mi",
            green_space_pct=20.0,
            housing_units=100
        )
        assert proposal.version == 1
    
        # 2. agent outputs
        outputs = {
            "finance": _make_output("finance", {
                "housing_units": 150.0, # vs 120 -> 20% delta -> medium
                "green_space_pct": 20.0, # unopposed
            }),
            "climate": _make_output("climate", {
                "housing_units": 120.0,
            }),
            "community": _make_output("community", {
                "community_center_sqft": 6000.0, # unopposed
            })
        }
    
        # 3-7. run_debate_round covers detect, resolve, apply, and build
        calc = MockCostCalculator()
        debate_round, updated = run_debate_round(proposal, outputs, round_number=1, cost_calculator=calc)
    
        # 8. Verify
        # Housing units: finance(0.4)*150 + climate(0.3)*120 = 60 + 36 = 96
        # Total weight: 0.7. 96 / 0.7 = 137.14 -> 137
        assert updated.housing_units == 137
        assert updated.green_space_pct == 20.0
        assert updated.community_center_sqft == 6000.0
    
        # 9. Verify Cost Recalculation
        # Expected: (137*1000) + (150*500) + (20.0*100) = 137000 + 75000 + 2000 = 214000
>       assert updated.estimated_cost == 214000.0
               ^^^^^^^^^^^^^^^^^^^^^^

tests\integration\test_debate.py:234: 
_ _ _ _ _ _ _ _ _ _ _ _ _ _ _ _ _ _ _ _ _ _ _ _ _ _ _ _ _ _ _ _ _ _ _ _ _ _ _ _

self = Proposal(proposal_id='51579493', city_slug='detroit_mi', version=2, green_space_pct=20.0, affordable_housing_pct=15.0,...n': 'changed', 'parameter': 'housing_units', 'old': 100, 'new': 137, 'timestamp': '2026-07-02T09:55:17.037117+00:00'}])
item = 'estimated_cost'

    def __getattr__(self, item: str) -> Any:
        private_attributes = object.__getattribute__(self, '__private_attributes__')
        if item in private_attributes:
            attribute = private_attributes[item]
            if hasattr(attribute, '__get__'):
                return attribute.__get__(self, type(self))  # type: ignore
    
            try:
                # Note: self.__pydantic_private__ cannot be None if self.__private_attributes__ has items
                return self.__pydantic_private__[item]  # type: ignore
            except KeyError as exc:
                raise AttributeError(f'{type(self).__name__!r} object has no attribute {item!r}') from exc
        else:
            # `__pydantic_extra__` can fail to be set if the model is not yet fully initialized.
            # See `BaseModel.__repr_args__` for more details
            try:
                pydantic_extra = object.__getattribute__(self, '__pydantic_extra__')
            except AttributeError:
                pydantic_extra = None
    
            if pydantic_extra and item in pydantic_extra:
                return pydantic_extra[item]
            else:
                if hasattr(self.__class__, item):
                    return super().__getattribute__(item)  # Raises AttributeError if appropriate
                else:
                    # this is the current error
>                   raise AttributeError(f'{type(self).__name__!r} object has no attribute {item!r}')
E                   AttributeError: 'Proposal' object has no attribute 'estimated_cost'

.venv\Lib\site-packages\pydantic\main.py:1042: AttributeError
___________________________ test_summary_no_changes ___________________________

    def test_summary_no_changes():
        proposal = create_initial_proposal(city_slug="test")
        session = create_session(proposal)
        rnd = DebateRound(
            round_number=1,
            opening_state=proposal,
            closing_state=proposal,
            detected_conflicts=[],
            agent_outputs={
                "finance": AgentOutput(agent_name="finance", score=90, verdict="accept", proposed_changes={}, reasoning_and_evidence="ok", confidence=0.9),
                "climate": AgentOutput(agent_name="climate", score=95, verdict="accept", proposed_changes={}, reasoning_and_evidence="ok", confidence=0.9),
                "community": AgentOutput(agent_name="community", score=92, verdict="accept", proposed_changes={}, reasoning_and_evidence="ok", confidence=0.9),
            },
            engine_summary="ok"
        )
        session.debate_rounds.append(rnd)
    
>       summary = generate_plain_language_summary(session)
                  ^^^^^^^^^^^^^^^^^^^^^^^^^^^^^^^^^^^^^^^^

tests\unit\engine\test_summary.py:27: 
_ _ _ _ _ _ _ _ _ _ _ _ _ _ _ _ _ _ _ _ _ _ _ _ _ _ _ _ _ _ _ _ _ _ _ _ _ _ _ _
engine\summary.py:100: in generate_plain_language_summary
    cost_diff = float(final.estimated_cost) - float(opening.estimated_cost)
                      ^^^^^^^^^^^^^^^^^^^^
_ _ _ _ _ _ _ _ _ _ _ _ _ _ _ _ _ _ _ _ _ _ _ _ _ _ _ _ _ _ _ _ _ _ _ _ _ _ _ _

self = Proposal(proposal_id='991b75f7', city_slug='test', version=1, green_space_pct=20.0, affordable_housing_pct=15.0, housing_units=100, parking_spaces=150, community_center_sqft=5000.0, agent_scores={}, human_locks={}, change_log=[])
item = 'estimated_cost'

    def __getattr__(self, item: str) -> Any:
        private_attributes = object.__getattribute__(self, '__private_attributes__')
        if item in private_attributes:
            attribute = private_attributes[item]
            if hasattr(attribute, '__get__'):
                return attribute.__get__(self, type(self))  # type: ignore
    
            try:
                # Note: self.__pydantic_private__ cannot be None if self.__private_attributes__ has items
                return self.__pydantic_private__[item]  # type: ignore
            except KeyError as exc:
                raise AttributeError(f'{type(self).__name__!r} object has no attribute {item!r}') from exc
        else:
            # `__pydantic_extra__` can fail to be set if the model is not yet fully initialized.
            # See `BaseModel.__repr_args__` for more details
            try:
                pydantic_extra = object.__getattribute__(self, '__pydantic_extra__')
            except AttributeError:
                pydantic_extra = None
    
            if pydantic_extra and item in pydantic_extra:
                return pydantic_extra[item]
            else:
                if hasattr(self.__class__, item):
                    return super().__getattribute__(item)  # Raises AttributeError if appropriate
                else:
                    # this is the current error
>                   raise AttributeError(f'{type(self).__name__!r} object has no attribute {item!r}')
E                   AttributeError: 'Proposal' object has no attribute 'estimated_cost'

.venv\Lib\site-packages\pydantic\main.py:1042: AttributeError
__________________________ test_summary_with_changes __________________________

    def test_summary_with_changes():
        proposal1 = create_initial_proposal(city_slug="test", green_space_pct=20.0, affordable_housing_pct=15.0, housing_units=100, parking_spaces=150, community_center_sqft=5000.0)
        proposal2 = create_initial_proposal(city_slug="test", green_space_pct=25.0, affordable_housing_pct=20.0, housing_units=90, parking_spaces=120, community_center_sqft=6000.0)
        proposal2.version = 2
        session = create_session(proposal1)
        session.current_proposal = proposal2
        rnd = DebateRound(
            round_number=1,
            opening_state=proposal1,
            closing_state=proposal2,
            detected_conflicts=[],
            agent_outputs={
                "finance": AgentOutput(agent_name="finance", score=80, verdict="accept", proposed_changes={}, reasoning_and_evidence="ok", confidence=0.9),
                "climate": AgentOutput(agent_name="climate", score=90, verdict="accept", proposed_changes={}, reasoning_and_evidence="ok", confidence=0.9),
                "community": AgentOutput(agent_name="community", score=95, verdict="accept", proposed_changes={}, reasoning_and_evidence="ok", confidence=0.9),
            },
            engine_summary="ok"
        )
        session.debate_rounds.append(rnd)
    
>       summary = generate_plain_language_summary(session)
                  ^^^^^^^^^^^^^^^^^^^^^^^^^^^^^^^^^^^^^^^^

tests\unit\engine\test_summary.py:54: 
_ _ _ _ _ _ _ _ _ _ _ _ _ _ _ _ _ _ _ _ _ _ _ _ _ _ _ _ _ _ _ _ _ _ _ _ _ _ _ _
engine\summary.py:100: in generate_plain_language_summary
    cost_diff = float(final.estimated_cost) - float(opening.estimated_cost)
                      ^^^^^^^^^^^^^^^^^^^^
_ _ _ _ _ _ _ _ _ _ _ _ _ _ _ _ _ _ _ _ _ _ _ _ _ _ _ _ _ _ _ _ _ _ _ _ _ _ _ _

self = Proposal(proposal_id='f8236306', city_slug='test', version=2, green_space_pct=25.0, affordable_housing_pct=20.0, housing_units=90, parking_spaces=120, community_center_sqft=6000.0, agent_scores={}, human_locks={}, change_log=[])
item = 'estimated_cost'

    def __getattr__(self, item: str) -> Any:
        private_attributes = object.__getattribute__(self, '__private_attributes__')
        if item in private_attributes:
            attribute = private_attributes[item]
            if hasattr(attribute, '__get__'):
                return attribute.__get__(self, type(self))  # type: ignore
    
            try:
                # Note: self.__pydantic_private__ cannot be None if self.__private_attributes__ has items
                return self.__pydantic_private__[item]  # type: ignore
            except KeyError as exc:
                raise AttributeError(f'{type(self).__name__!r} object has no attribute {item!r}') from exc
        else:
            # `__pydantic_extra__` can fail to be set if the model is not yet fully initialized.
            # See `BaseModel.__repr_args__` for more details
            try:
                pydantic_extra = object.__getattribute__(self, '__pydantic_extra__')
            except AttributeError:
                pydantic_extra = None
    
            if pydantic_extra and item in pydantic_extra:
                return pydantic_extra[item]
            else:
                if hasattr(self.__class__, item):
                    return super().__getattribute__(item)  # Raises AttributeError if appropriate
                else:
                    # this is the current error
>                   raise AttributeError(f'{type(self).__name__!r} object has no attribute {item!r}')
E                   AttributeError: 'Proposal' object has no attribute 'estimated_cost'

.venv\Lib\site-packages\pydantic\main.py:1042: AttributeError
_________________________ test_summary_with_override __________________________

    def test_summary_with_override():
        proposal = create_initial_proposal(city_slug="test")
        session = create_session(proposal)
        session.override_history.append({"parameter": "green_space_pct", "value": 30.0})
    
>       summary = generate_plain_language_summary(session)
                  ^^^^^^^^^^^^^^^^^^^^^^^^^^^^^^^^^^^^^^^^

tests\unit\engine\test_summary.py:70: 
_ _ _ _ _ _ _ _ _ _ _ _ _ _ _ _ _ _ _ _ _ _ _ _ _ _ _ _ _ _ _ _ _ _ _ _ _ _ _ _
engine\summary.py:100: in generate_plain_language_summary
    cost_diff = float(final.estimated_cost) - float(opening.estimated_cost)
                      ^^^^^^^^^^^^^^^^^^^^
_ _ _ _ _ _ _ _ _ _ _ _ _ _ _ _ _ _ _ _ _ _ _ _ _ _ _ _ _ _ _ _ _ _ _ _ _ _ _ _

self = Proposal(proposal_id='42887f2f', city_slug='test', version=1, green_space_pct=20.0, affordable_housing_pct=15.0, housing_units=100, parking_spaces=150, community_center_sqft=5000.0, agent_scores={}, human_locks={}, change_log=[])
item = 'estimated_cost'

    def __getattr__(self, item: str) -> Any:
        private_attributes = object.__getattribute__(self, '__private_attributes__')
        if item in private_attributes:
            attribute = private_attributes[item]
            if hasattr(attribute, '__get__'):
                return attribute.__get__(self, type(self))  # type: ignore
    
            try:
                # Note: self.__pydantic_private__ cannot be None if self.__private_attributes__ has items
                return self.__pydantic_private__[item]  # type: ignore
            except KeyError as exc:
                raise AttributeError(f'{type(self).__name__!r} object has no attribute {item!r}') from exc
        else:
            # `__pydantic_extra__` can fail to be set if the model is not yet fully initialized.
            # See `BaseModel.__repr_args__` for more details
            try:
                pydantic_extra = object.__getattribute__(self, '__pydantic_extra__')
            except AttributeError:
                pydantic_extra = None
    
            if pydantic_extra and item in pydantic_extra:
                return pydantic_extra[item]
            else:
                if hasattr(self.__class__, item):
                    return super().__getattribute__(item)  # Raises AttributeError if appropriate
                else:
                    # this is the current error
>                   raise AttributeError(f'{type(self).__name__!r} object has no attribute {item!r}')
E                   AttributeError: 'Proposal' object has no attribute 'estimated_cost'

.venv\Lib\site-packages\pydantic\main.py:1042: AttributeError
________________________ test_summary_with_escalation _________________________

    def test_summary_with_escalation():
        proposal = create_initial_proposal(city_slug="test")
        session = create_session(proposal)
    
        rnd = DebateRound(
            round_number=1,
            opening_state=proposal,
            closing_state=proposal,
            detected_conflicts=[Conflict(parameter="green_space_pct", agent_a="climate", agent_b="finance", proposed_value_a=30.0, proposed_value_b=10.0, disagreement_severity="high", reason="very far apart")],
            agent_outputs={},
            engine_summary="ok"
        )
        session.debate_rounds.append(rnd)
    
>       summary = generate_plain_language_summary(session)
                  ^^^^^^^^^^^^^^^^^^^^^^^^^^^^^^^^^^^^^^^^

tests\unit\engine\test_summary.py:87: 
_ _ _ _ _ _ _ _ _ _ _ _ _ _ _ _ _ _ _ _ _ _ _ _ _ _ _ _ _ _ _ _ _ _ _ _ _ _ _ _
engine\summary.py:100: in generate_plain_language_summary
    cost_diff = float(final.estimated_cost) - float(opening.estimated_cost)
                      ^^^^^^^^^^^^^^^^^^^^
_ _ _ _ _ _ _ _ _ _ _ _ _ _ _ _ _ _ _ _ _ _ _ _ _ _ _ _ _ _ _ _ _ _ _ _ _ _ _ _

self = Proposal(proposal_id='b6f1da63', city_slug='test', version=1, green_space_pct=20.0, affordable_housing_pct=15.0, housing_units=100, parking_spaces=150, community_center_sqft=5000.0, agent_scores={}, human_locks={}, change_log=[])
item = 'estimated_cost'

    def __getattr__(self, item: str) -> Any:
        private_attributes = object.__getattribute__(self, '__private_attributes__')
        if item in private_attributes:
            attribute = private_attributes[item]
            if hasattr(attribute, '__get__'):
                return attribute.__get__(self, type(self))  # type: ignore
    
            try:
                # Note: self.__pydantic_private__ cannot be None if self.__private_attributes__ has items
                return self.__pydantic_private__[item]  # type: ignore
            except KeyError as exc:
                raise AttributeError(f'{type(self).__name__!r} object has no attribute {item!r}') from exc
        else:
            # `__pydantic_extra__` can fail to be set if the model is not yet fully initialized.
            # See `BaseModel.__repr_args__` for more details
            try:
                pydantic_extra = object.__getattribute__(self, '__pydantic_extra__')
            except AttributeError:
                pydantic_extra = None
    
            if pydantic_extra and item in pydantic_extra:
                return pydantic_extra[item]
            else:
                if hasattr(self.__class__, item):
                    return super().__getattribute__(item)  # Raises AttributeError if appropriate
                else:
                    # this is the current error
>                   raise AttributeError(f'{type(self).__name__!r} object has no attribute {item!r}')
E                   AttributeError: 'Proposal' object has no attribute 'estimated_cost'

.venv\Lib\site-packages\pydantic\main.py:1042: AttributeError
____ TestGeminiProviderAdvanced.test_budget_exhausted_skips_call_entirely _____

self = <test_retry.TestGeminiProviderAdvanced object at 0x000001D63A315220>
mock_post = <MagicMock name='post' id='2019620848368'>

    @patch("requests.post")
    def test_budget_exhausted_skips_call_entirely(self, mock_post) -> None:
        """Test that when budget is exhausted, API calls are skipped entirely."""
        agent = RetryMockAgent()
        with patch.dict("os.environ", {"GEMINI_API_KEY": "fake_key", "LLM_DAILY_BUDGET": "5"}):
            import llm.budget
            llm.budget._DAILY_CALL_COUNT = 5  # Exhaust budget
    
            proposal = create_initial_proposal("phoenix_az")
            opinion = agent.generate_opinion(proposal, {})
    
            # Must NOT have called requests.post
            assert mock_post.call_count == 0
            # Must have cleanly routed to fallback
            assert opinion.score == 85.0
            assert opinion.recommendation == {"green_space_pct": 25.0}
            assert "Daily budget exhausted" in opinion.position
    
            # Test GeminiExplainer budget skip
            mock_session = MagicMock()
            mock_session.debate_rounds = []
            mock_session.override_history = []
            mock_session.current_proposal = proposal
    
>           brief = generate_judge_brief(mock_session)
                    ^^^^^^^^^^^^^^^^^^^^^^^^^^^^^^^^^^

tests\unit\llm\test_retry.py:211: 
_ _ _ _ _ _ _ _ _ _ _ _ _ _ _ _ _ _ _ _ _ _ _ _ _ _ _ _ _ _ _ _ _ _ _ _ _ _ _ _
services\gemini_explainer.py:105: in generate_judge_brief
    return generate_judge_brief_fallback(session)
           ^^^^^^^^^^^^^^^^^^^^^^^^^^^^^^^^^^^^^^
services\gemini_explainer.py:44: in generate_judge_brief_fallback
    summary = generate_plain_language_summary(session)
              ^^^^^^^^^^^^^^^^^^^^^^^^^^^^^^^^^^^^^^^^
engine\summary.py:100: in generate_plain_language_summary
    cost_diff = float(final.estimated_cost) - float(opening.estimated_cost)
                      ^^^^^^^^^^^^^^^^^^^^
_ _ _ _ _ _ _ _ _ _ _ _ _ _ _ _ _ _ _ _ _ _ _ _ _ _ _ _ _ _ _ _ _ _ _ _ _ _ _ _

self = Proposal(proposal_id='7b7c2926', city_slug='phoenix_az', version=1, green_space_pct=20.0, affordable_housing_pct=15.0, housing_units=100, parking_spaces=150, community_center_sqft=5000.0, agent_scores={}, human_locks={}, change_log=[])
item = 'estimated_cost'

    def __getattr__(self, item: str) -> Any:
        private_attributes = object.__getattribute__(self, '__private_attributes__')
        if item in private_attributes:
            attribute = private_attributes[item]
            if hasattr(attribute, '__get__'):
                return attribute.__get__(self, type(self))  # type: ignore
    
            try:
                # Note: self.__pydantic_private__ cannot be None if self.__private_attributes__ has items
                return self.__pydantic_private__[item]  # type: ignore
            except KeyError as exc:
                raise AttributeError(f'{type(self).__name__!r} object has no attribute {item!r}') from exc
        else:
            # `__pydantic_extra__` can fail to be set if the model is not yet fully initialized.
            # See `BaseModel.__repr_args__` for more details
            try:
                pydantic_extra = object.__getattribute__(self, '__pydantic_extra__')
            except AttributeError:
                pydantic_extra = None
    
            if pydantic_extra and item in pydantic_extra:
                return pydantic_extra[item]
            else:
                if hasattr(self.__class__, item):
                    return super().__getattribute__(item)  # Raises AttributeError if appropriate
                else:
                    # this is the current error
>                   raise AttributeError(f'{type(self).__name__!r} object has no attribute {item!r}')
E                   AttributeError: 'Proposal' object has no attribute 'estimated_cost'

.venv\Lib\site-packages\pydantic\main.py:1042: AttributeError
------------------------------ Captured log call ------------------------------
WARNING  llm.budget:budget.py:27 LLM daily budget estimated to be exhausted (5/5 calls). Skipping API call.
WARNING  agents.base_agent:base_agent.py:170 Agent 'community' skipping LLM call due to exhausted daily budget. Triggering deterministic fallback.
WARNING  llm.budget:budget.py:27 LLM daily budget estimated to be exhausted (5/5 calls). Skipping API call.
WARNING  services.gemini_explainer:gemini_explainer.py:104 Skipping judge brief generation due to exhausted daily budget.
_____________________ test_generate_judge_brief_fallback ______________________

sample_session = CourtroomSession(session_id='1df3cb84', current_proposal=Proposal(proposal_id='bd27e9b7', city_slug='phoenix_az', vers...rtroomTranscript(entries=[]), status='CREATED', created_at='2026-07-02T09:55:51.295069+00:00', round_3_attempted=False)

    def test_generate_judge_brief_fallback(sample_session):
        """Test that the fallback generator produces correctly formatted markdown."""
>       fallback_text = generate_judge_brief_fallback(sample_session)
                        ^^^^^^^^^^^^^^^^^^^^^^^^^^^^^^^^^^^^^^^^^^^^^

tests\unit\services\test_gemini_explainer.py:69: 
_ _ _ _ _ _ _ _ _ _ _ _ _ _ _ _ _ _ _ _ _ _ _ _ _ _ _ _ _ _ _ _ _ _ _ _ _ _ _ _
services\gemini_explainer.py:44: in generate_judge_brief_fallback
    summary = generate_plain_language_summary(session)
              ^^^^^^^^^^^^^^^^^^^^^^^^^^^^^^^^^^^^^^^^
engine\summary.py:100: in generate_plain_language_summary
    cost_diff = float(final.estimated_cost) - float(opening.estimated_cost)
                      ^^^^^^^^^^^^^^^^^^^^
_ _ _ _ _ _ _ _ _ _ _ _ _ _ _ _ _ _ _ _ _ _ _ _ _ _ _ _ _ _ _ _ _ _ _ _ _ _ _ _

self = Proposal(proposal_id='bd27e9b7', city_slug='phoenix_az', version=1, green_space_pct=10.0, affordable_housing_pct=15.0, housing_units=1000, parking_spaces=500, community_center_sqft=5000.0, agent_scores={}, human_locks={}, change_log=[])
item = 'estimated_cost'

    def __getattr__(self, item: str) -> Any:
        private_attributes = object.__getattribute__(self, '__private_attributes__')
        if item in private_attributes:
            attribute = private_attributes[item]
            if hasattr(attribute, '__get__'):
                return attribute.__get__(self, type(self))  # type: ignore
    
            try:
                # Note: self.__pydantic_private__ cannot be None if self.__private_attributes__ has items
                return self.__pydantic_private__[item]  # type: ignore
            except KeyError as exc:
                raise AttributeError(f'{type(self).__name__!r} object has no attribute {item!r}') from exc
        else:
            # `__pydantic_extra__` can fail to be set if the model is not yet fully initialized.
            # See `BaseModel.__repr_args__` for more details
            try:
                pydantic_extra = object.__getattribute__(self, '__pydantic_extra__')
            except AttributeError:
                pydantic_extra = None
    
            if pydantic_extra and item in pydantic_extra:
                return pydantic_extra[item]
            else:
                if hasattr(self.__class__, item):
                    return super().__getattribute__(item)  # Raises AttributeError if appropriate
                else:
                    # this is the current error
>                   raise AttributeError(f'{type(self).__name__!r} object has no attribute {item!r}')
E                   AttributeError: 'Proposal' object has no attribute 'estimated_cost'

.venv\Lib\site-packages\pydantic\main.py:1042: AttributeError
_________________ test_generate_judge_brief_budget_exhausted __________________

mock_budget = <MagicMock name='is_budget_exhausted' id='2019613472960'>
sample_session = CourtroomSession(session_id='6950df99', current_proposal=Proposal(proposal_id='04502b4b', city_slug='phoenix_az', vers...rtroomTranscript(entries=[]), status='CREATED', created_at='2026-07-02T09:55:51.396899+00:00', round_3_attempted=False)

    @patch("services.gemini_explainer.is_budget_exhausted")
    def test_generate_judge_brief_budget_exhausted(mock_budget, sample_session):
        """Test that budget exhaustion triggers the fallback."""
        mock_budget.return_value = True
    
>       result = generate_judge_brief(sample_session)
                 ^^^^^^^^^^^^^^^^^^^^^^^^^^^^^^^^^^^^

tests\unit\services\test_gemini_explainer.py:84: 
_ _ _ _ _ _ _ _ _ _ _ _ _ _ _ _ _ _ _ _ _ _ _ _ _ _ _ _ _ _ _ _ _ _ _ _ _ _ _ _
services\gemini_explainer.py:105: in generate_judge_brief
    return generate_judge_brief_fallback(session)
           ^^^^^^^^^^^^^^^^^^^^^^^^^^^^^^^^^^^^^^
services\gemini_explainer.py:44: in generate_judge_brief_fallback
    summary = generate_plain_language_summary(session)
              ^^^^^^^^^^^^^^^^^^^^^^^^^^^^^^^^^^^^^^^^
engine\summary.py:100: in generate_plain_language_summary
    cost_diff = float(final.estimated_cost) - float(opening.estimated_cost)
                      ^^^^^^^^^^^^^^^^^^^^
_ _ _ _ _ _ _ _ _ _ _ _ _ _ _ _ _ _ _ _ _ _ _ _ _ _ _ _ _ _ _ _ _ _ _ _ _ _ _ _

self = Proposal(proposal_id='04502b4b', city_slug='phoenix_az', version=1, green_space_pct=10.0, affordable_housing_pct=15.0, housing_units=1000, parking_spaces=500, community_center_sqft=5000.0, agent_scores={}, human_locks={}, change_log=[])
item = 'estimated_cost'

    def __getattr__(self, item: str) -> Any:
        private_attributes = object.__getattribute__(self, '__private_attributes__')
        if item in private_attributes:
            attribute = private_attributes[item]
            if hasattr(attribute, '__get__'):
                return attribute.__get__(self, type(self))  # type: ignore
    
            try:
                # Note: self.__pydantic_private__ cannot be None if self.__private_attributes__ has items
                return self.__pydantic_private__[item]  # type: ignore
            except KeyError as exc:
                raise AttributeError(f'{type(self).__name__!r} object has no attribute {item!r}') from exc
        else:
            # `__pydantic_extra__` can fail to be set if the model is not yet fully initialized.
            # See `BaseModel.__repr_args__` for more details
            try:
                pydantic_extra = object.__getattribute__(self, '__pydantic_extra__')
            except AttributeError:
                pydantic_extra = None
    
            if pydantic_extra and item in pydantic_extra:
                return pydantic_extra[item]
            else:
                if hasattr(self.__class__, item):
                    return super().__getattribute__(item)  # Raises AttributeError if appropriate
                else:
                    # this is the current error
>                   raise AttributeError(f'{type(self).__name__!r} object has no attribute {item!r}')
E                   AttributeError: 'Proposal' object has no attribute 'estimated_cost'

.venv\Lib\site-packages\pydantic\main.py:1042: AttributeError
------------------------------ Captured log call ------------------------------
WARNING  services.gemini_explainer:gemini_explainer.py:104 Skipping judge brief generation due to exhausted daily budget.
________________ test_generate_judge_brief_exception_fallback _________________

session = CourtroomSession(session_id='3c907780', current_proposal=Proposal(proposal_id='ff6760d3', city_slug='phoenix_az', vers...rtroomTranscript(entries=[]), status='CREATED', created_at='2026-07-02T09:55:51.452331+00:00', round_3_attempted=False)

    def generate_judge_brief(session: CourtroomSession) -> str:
        """Generate a narrative summary of the debate using Gemini.
    
        Parameters
        ----------
        session : CourtroomSession
            The courtroom session containing the full debate history.
    
        Returns
        -------
        str
            The narrative summary generated by Gemini.
        """
        history = build_audit_from_session(session)
        final_proposal = session.current_proposal
    
        if is_budget_exhausted():
            logger.warning("Skipping judge brief generation due to exhausted daily budget.")
            return generate_judge_brief_fallback(session)
    
        try:
            provider = get_provider()
            # Construct the prompt
            prompt = (
                "You are an executive summarizer for the 'Neighborhood Courtroom' AI simulation.\n"
                "Below is the raw audit history of a multi-agent debate regarding urban planning parameters.\n"
                "Please read the history and generate a concise, professional 'Judge Brief' (1-2 paragraphs).\n"
                "Focus on the main conflicts, which agents disagreed, and how the judge resolved them.\n"
                "Do not invent data; only summarize the provided history.\n\n"
                "## Final Proposal State\n"
                f"Housing Units: {final_proposal.housing_units}\n"
                f"Green Space: {final_proposal.green_space_pct}%\n"
                f"Parking Spaces: {final_proposal.parking_spaces}\n"
                f"Community Center Sqft: {final_proposal.community_center_sqft}\n\n"
                "## Audit History\n"
            )
    
            # We will dump all explain_parameter views into the prompt
            for param in ["housing_units", "green_space_pct", "parking_spaces", "community_center_sqft"]:
                explanation = history.explain_parameter(param)
                if "Unresolved or unknown" not in explanation:
                    prompt += f"### Parameter: {param}\n{explanation}\n\n"
    
>           return provider.generate_text(
                system_instruction="You are an executive summarizer for the 'Neighborhood Courtroom' AI simulation.",
                user_prompt=prompt
            )

services\gemini_explainer.py:130: 
_ _ _ _ _ _ _ _ _ _ _ _ _ _ _ _ _ _ _ _ _ _ _ _ _ _ _ _ _ _ _ _ _ _ _ _ _ _ _ _
C:\Users\KIIT\AppData\Local\Python\pythoncore-3.14-64\Lib\unittest\mock.py:1176: in __call__
    return self._mock_call(*args, **kwargs)
           ^^^^^^^^^^^^^^^^^^^^^^^^^^^^^^^^
C:\Users\KIIT\AppData\Local\Python\pythoncore-3.14-64\Lib\unittest\mock.py:1180: in _mock_call
    return self._execute_mock_call(*args, **kwargs)
           ^^^^^^^^^^^^^^^^^^^^^^^^^^^^^^^^^^^^^^^^
_ _ _ _ _ _ _ _ _ _ _ _ _ _ _ _ _ _ _ _ _ _ _ _ _ _ _ _ _ _ _ _ _ _ _ _ _ _ _ _

self = <MagicMock name='get_provider().generate_text' id='2019613466576'>
args = ()
kwargs = {'system_instruction': "You are an executive summarizer for the 'Neighborhood Courtroom' AI simulation.", 'user_prompt...er: parking_spaces\n\n### Parameter: community_center_sqft\nNo history found for parameter: community_center_sqft\n\n"}
effect = Exception('API error')

    def _execute_mock_call(self, /, *args, **kwargs):
        # separate from _increment_mock_call so that awaited functions are
        # executed separately from their call, also AsyncMock overrides this method
    
        effect = self.side_effect
        if effect is not None:
            if _is_exception(effect):
>               raise effect
E               Exception: API error

C:\Users\KIIT\AppData\Local\Python\pythoncore-3.14-64\Lib\unittest\mock.py:1241: Exception

During handling of the above exception, another exception occurred:

mock_budget = <MagicMock name='is_budget_exhausted' id='2019613465904'>
mock_get_provider = <MagicMock name='get_provider' id='2019613465232'>
sample_session = CourtroomSession(session_id='3c907780', current_proposal=Proposal(proposal_id='ff6760d3', city_slug='phoenix_az', vers...rtroomTranscript(entries=[]), status='CREATED', created_at='2026-07-02T09:55:51.452331+00:00', round_3_attempted=False)

    @patch("services.gemini_explainer.get_provider")
    @patch("services.gemini_explainer.is_budget_exhausted")
    def test_generate_judge_brief_exception_fallback(mock_budget, mock_get_provider, sample_session):
        """Test that an LLM API exception triggers the fallback."""
        mock_budget.return_value = False
    
        mock_provider = MagicMock()
        mock_provider.generate_text.side_effect = Exception("API error")
        mock_get_provider.return_value = mock_provider
    
>       result = generate_judge_brief(sample_session)
                 ^^^^^^^^^^^^^^^^^^^^^^^^^^^^^^^^^^^^

tests\unit\services\test_gemini_explainer.py:99: 
_ _ _ _ _ _ _ _ _ _ _ _ _ _ _ _ _ _ _ _ _ _ _ _ _ _ _ _ _ _ _ _ _ _ _ _ _ _ _ _
services\gemini_explainer.py:136: in generate_judge_brief
    return generate_judge_brief_fallback(session)
           ^^^^^^^^^^^^^^^^^^^^^^^^^^^^^^^^^^^^^^
services\gemini_explainer.py:44: in generate_judge_brief_fallback
    summary = generate_plain_language_summary(session)
              ^^^^^^^^^^^^^^^^^^^^^^^^^^^^^^^^^^^^^^^^
engine\summary.py:100: in generate_plain_language_summary
    cost_diff = float(final.estimated_cost) - float(opening.estimated_cost)
                      ^^^^^^^^^^^^^^^^^^^^
_ _ _ _ _ _ _ _ _ _ _ _ _ _ _ _ _ _ _ _ _ _ _ _ _ _ _ _ _ _ _ _ _ _ _ _ _ _ _ _

self = Proposal(proposal_id='ff6760d3', city_slug='phoenix_az', version=1, green_space_pct=10.0, affordable_housing_pct=15.0, housing_units=1000, parking_spaces=500, community_center_sqft=5000.0, agent_scores={}, human_locks={}, change_log=[])
item = 'estimated_cost'

    def __getattr__(self, item: str) -> Any:
        private_attributes = object.__getattribute__(self, '__private_attributes__')
        if item in private_attributes:
            attribute = private_attributes[item]
            if hasattr(attribute, '__get__'):
                return attribute.__get__(self, type(self))  # type: ignore
    
            try:
                # Note: self.__pydantic_private__ cannot be None if self.__private_attributes__ has items
                return self.__pydantic_private__[item]  # type: ignore
            except KeyError as exc:
                raise AttributeError(f'{type(self).__name__!r} object has no attribute {item!r}') from exc
        else:
            # `__pydantic_extra__` can fail to be set if the model is not yet fully initialized.
            # See `BaseModel.__repr_args__` for more details
            try:
                pydantic_extra = object.__getattribute__(self, '__pydantic_extra__')
            except AttributeError:
                pydantic_extra = None
    
            if pydantic_extra and item in pydantic_extra:
                return pydantic_extra[item]
            else:
                if hasattr(self.__class__, item):
                    return super().__getattribute__(item)  # Raises AttributeError if appropriate
                else:
                    # this is the current error
>                   raise AttributeError(f'{type(self).__name__!r} object has no attribute {item!r}')
E                   AttributeError: 'Proposal' object has no attribute 'estimated_cost'

.venv\Lib\site-packages\pydantic\main.py:1042: AttributeError
------------------------------ Captured log call ------------------------------
ERROR    services.gemini_explainer:gemini_explainer.py:135 LLM API generation failed: API error
__________________ TestCostCalculator.test_baseline_proposal __________________

self = <test_cost_calculator.TestCostCalculator object at 0x000001D63A305F90>
calculator = <tools.cost_calculator.CostCalculator object at 0x000001D63ACE8150>
base_proposal = Proposal(proposal_id='f80a6d32', city_slug='phoenix_az', version=1, green_space_pct=20.0, affordable_housing_pct=15.0, housing_units=100, parking_spaces=200, community_center_sqft=5000.0, agent_scores={}, human_locks={}, change_log=[])

    def test_baseline_proposal(self, calculator: CostCalculator, base_proposal: Proposal) -> None:
>       breakdown = calculator.calculate_cost_breakdown(base_proposal)
                    ^^^^^^^^^^^^^^^^^^^^^^^^^^^^^^^^^^^
E       AttributeError: 'CostCalculator' object has no attribute 'calculate_cost_breakdown'

tests\unit\tools\test_cost_calculator.py:64: AttributeError
__________________ TestCostCalculator.test_increased_housing __________________

self = <test_cost_calculator.TestCostCalculator object at 0x000001D63A3060D0>
calculator = <tools.cost_calculator.CostCalculator object at 0x000001D63ACE8250>
base_proposal = Proposal(proposal_id='cb3f9026', city_slug='phoenix_az', version=1, green_space_pct=20.0, affordable_housing_pct=15.0, housing_units=100, parking_spaces=200, community_center_sqft=5000.0, agent_scores={}, human_locks={}, change_log=[])

    def test_increased_housing(self, calculator: CostCalculator, base_proposal: Proposal) -> None:
        increased_housing = base_proposal.model_copy(update={"housing_units": 150})
>       old_cost = calculator.calculate_estimated_cost(base_proposal)
                   ^^^^^^^^^^^^^^^^^^^^^^^^^^^^^^^^^^^
E       AttributeError: 'CostCalculator' object has no attribute 'calculate_estimated_cost'. Did you mean: 'calculate_construction_cost'?

tests\unit\tools\test_cost_calculator.py:90: AttributeError
___________________ TestCostCalculator.test_reduced_housing ___________________

self = <test_cost_calculator.TestCostCalculator object at 0x000001D63A315BA0>
calculator = <tools.cost_calculator.CostCalculator object at 0x000001D63ACE9A50>
base_proposal = Proposal(proposal_id='45915d81', city_slug='phoenix_az', version=1, green_space_pct=20.0, affordable_housing_pct=15.0, housing_units=100, parking_spaces=200, community_center_sqft=5000.0, agent_scores={}, human_locks={}, change_log=[])

    def test_reduced_housing(self, calculator: CostCalculator, base_proposal: Proposal) -> None:
        reduced_housing = base_proposal.model_copy(update={"housing_units": 50})
>       old_cost = calculator.calculate_estimated_cost(base_proposal)
                   ^^^^^^^^^^^^^^^^^^^^^^^^^^^^^^^^^^^
E       AttributeError: 'CostCalculator' object has no attribute 'calculate_estimated_cost'. Did you mean: 'calculate_construction_cost'?

tests\unit\tools\test_cost_calculator.py:99: AttributeError
________________ TestCostCalculator.test_increased_green_space ________________

self = <test_cost_calculator.TestCostCalculator object at 0x000001D63A315350>
calculator = <tools.cost_calculator.CostCalculator object at 0x000001D63ACEA050>
base_proposal = Proposal(proposal_id='8a4ec739', city_slug='phoenix_az', version=1, green_space_pct=20.0, affordable_housing_pct=15.0, housing_units=100, parking_spaces=200, community_center_sqft=5000.0, agent_scores={}, human_locks={}, change_log=[])

    def test_increased_green_space(self, calculator: CostCalculator, base_proposal: Proposal) -> None:
        more_green = base_proposal.model_copy(update={"green_space_pct": 30.0})
>       assert calculator.calculate_estimated_cost(more_green) > calculator.calculate_estimated_cost(base_proposal)
               ^^^^^^^^^^^^^^^^^^^^^^^^^^^^^^^^^^^
E       AttributeError: 'CostCalculator' object has no attribute 'calculate_estimated_cost'. Did you mean: 'calculate_construction_cost'?

tests\unit\tools\test_cost_calculator.py:107: AttributeError
__________________ TestCostCalculator.test_increased_parking __________________

self = <test_cost_calculator.TestCostCalculator object at 0x000001D638663D10>
calculator = <tools.cost_calculator.CostCalculator object at 0x000001D63ACE9750>
base_proposal = Proposal(proposal_id='3722a722', city_slug='phoenix_az', version=1, green_space_pct=20.0, affordable_housing_pct=15.0, housing_units=100, parking_spaces=200, community_center_sqft=5000.0, agent_scores={}, human_locks={}, change_log=[])

    def test_increased_parking(self, calculator: CostCalculator, base_proposal: Proposal) -> None:
        more_parking = base_proposal.model_copy(update={"parking_spaces": 300})
>       assert calculator.calculate_estimated_cost(more_parking) > calculator.calculate_estimated_cost(base_proposal)
               ^^^^^^^^^^^^^^^^^^^^^^^^^^^^^^^^^^^
E       AttributeError: 'CostCalculator' object has no attribute 'calculate_estimated_cost'. Did you mean: 'calculate_construction_cost'?

tests\unit\tools\test_cost_calculator.py:111: AttributeError
__________________ TestCostCalculator.test_missing_cost_data __________________

self = <test_cost_calculator.TestCostCalculator object at 0x000001D63A2AAE00>
base_proposal = Proposal(proposal_id='e0325a61', city_slug='phoenix_az', version=1, green_space_pct=20.0, affordable_housing_pct=15.0, housing_units=100, parking_spaces=200, community_center_sqft=5000.0, agent_scores={}, human_locks={}, change_log=[])

    def test_missing_cost_data(self, base_proposal: Proposal) -> None:
        calc_fail = CostCalculator(MockDataLoader(should_fail=True))
>       breakdown = calc_fail.calculate_cost_breakdown(base_proposal)
                    ^^^^^^^^^^^^^^^^^^^^^^^^^^^^^^^^^^
E       AttributeError: 'CostCalculator' object has no attribute 'calculate_cost_breakdown'

tests\unit\tools\test_cost_calculator.py:115: AttributeError
________ TestCostCalculator.test_city_index_normalization_large_value _________

self = <test_cost_calculator.TestCostCalculator object at 0x000001D63A2AB460>
base_proposal = Proposal(proposal_id='75b32f57', city_slug='phoenix_az', version=1, green_space_pct=20.0, affordable_housing_pct=15.0, housing_units=100, parking_spaces=200, community_center_sqft=5000.0, agent_scores={}, human_locks={}, change_log=[])

    def test_city_index_normalization_large_value(self, base_proposal: Proposal) -> None:
        # Test that city_index > 10.0 is divided by 100
        class MockLargeIndexLoader(DataLoader):
            def get_construction_costs(self, city_name: str) -> dict[str, Any]:
                return {"city_index": 120.0, "base_costs": {"housing_unit": 100000.0}}
        calc = CostCalculator(MockLargeIndexLoader())
>       breakdown = calc.calculate_cost_breakdown(base_proposal)
                    ^^^^^^^^^^^^^^^^^^^^^^^^^^^^^
E       AttributeError: 'CostCalculator' object has no attribute 'calculate_cost_breakdown'

tests\unit\tools\test_cost_calculator.py:135: AttributeError
________ TestCostCalculator.test_city_index_normalization_small_value _________

self = <test_cost_calculator.TestCostCalculator object at 0x000001D63A35B050>
base_proposal = Proposal(proposal_id='c0692940', city_slug='phoenix_az', version=1, green_space_pct=20.0, affordable_housing_pct=15.0, housing_units=100, parking_spaces=200, community_center_sqft=5000.0, agent_scores={}, human_locks={}, change_log=[])

    def test_city_index_normalization_small_value(self, base_proposal: Proposal) -> None:
        # Test that city_index <= 10.0 is NOT divided by 100
        class MockSmallIndexLoader(DataLoader):
            def get_construction_costs(self, city_name: str) -> dict[str, Any]:
                return {"city_index": 1.2, "base_costs": {"housing_unit": 100000.0}}
        calc = CostCalculator(MockSmallIndexLoader())
>       breakdown = calc.calculate_cost_breakdown(base_proposal)
                    ^^^^^^^^^^^^^^^^^^^^^^^^^^^^^
E       AttributeError: 'CostCalculator' object has no attribute 'calculate_cost_breakdown'

tests\unit\tools\test_cost_calculator.py:145: AttributeError
________________ TestCostCalculator.test_real_city_calculation ________________

self = <test_cost_calculator.TestCostCalculator object at 0x000001D63A35B250>
base_proposal = Proposal(proposal_id='9e5408d5', city_slug='phoenix_az', version=1, green_space_pct=20.0, affordable_housing_pct=15.0, housing_units=100, parking_spaces=200, community_center_sqft=5000.0, agent_scores={}, human_locks={}, change_log=[])

    def test_real_city_calculation(self, base_proposal: Proposal) -> None:
        # Use real DataLoader against data/construction_costs.json
        loader = DataLoader()
        calc = CostCalculator(loader)
    
        # Override proposal to detroit_mi
        detroit_proposal = base_proposal.model_copy(update={"city_slug": "detroit_mi"})
>       breakdown = calc.calculate_cost_breakdown(detroit_proposal)
                    ^^^^^^^^^^^^^^^^^^^^^^^^^^^^^
E       AttributeError: 'CostCalculator' object has no attribute 'calculate_cost_breakdown'

tests\unit\tools\test_cost_calculator.py:156: AttributeError

---------- coverage: platform win32, python 3.14.5-final-0 -----------
Name                                           Stmts   Miss  Cover
------------------------------------------------------------------
agents\__init__.py                                 0      0   100%
agents\base_agent.py                             233     10    96%
agents\climate_agent.py                           95     24    75%
agents\community_agent.py                        108     25    77%
agents\finance_agent.py                           70     11    84%
app.py                                           452    452     0%
engine\__init__.py                                 0      0   100%
engine\conflict.py                               153      4    97%
engine\debate.py                                  26      0   100%
engine\history.py                                 80      3    96%
engine\override.py                                25      0   100%
engine\session.py                                172     22    87%
engine\state.py                                   53      0   100%
engine\summary.py                                 83     30    64%
engine\timeline.py                                92      8    91%
llm\__init__.py                                    0      0   100%
llm\base.py                                       18      0   100%
llm\budget.py                                     17      0   100%
llm\gemini_provider.py                           194     62    68%
llm\provider_chain.py                             55      9    84%
llm\provider_factory.py                           20      0   100%
llm\retry.py                                      73      8    89%
llm\universal_provider.py                        260    142    45%
models\__init__.py                                 7      0   100%
models\agent_opinion.py                           15      0   100%
models\agent_output.py                             7      0   100%
models\conflict.py                                 3      0   100%
models\courtroom_transcript.py                     8      0   100%
models\debate_round.py                            10      0   100%
models\proposal.py                                15      0   100%
scripts\__init__.py                                0      0   100%
scripts\check_provider.py                         72     72     0%
scripts\debug_function_calling.py                  8      8     0%
scripts\verify_adversarial.py                     40     40     0%
scripts\verify_banner_rendering.py                46     46     0%
scripts\verify_cities.py                          23     23     0%
scripts\verify_live_session.py                    48     48     0%
services\gemini_explainer.py                      64     27    58%
tests\__init__.py                                  0      0   100%
tests\e2e\test_app_flow.py                         3      0   100%
tests\integration\test_debate.py                  97      9    91%
tests\integration\test_eval_harness.py            64      0   100%
tests\integration\test_session.py                217      4    98%
tests\regression\test_bugfixes.py                  3      0   100%
tests\unit\agents\test_base_agent.py             182      1    99%
tests\unit\agents\test_climate_agent.py          123      1    99%
tests\unit\agents\test_community_agent.py        154      2    99%
tests\unit\agents\test_finance_agent.py          144      4    97%
tests\unit\engine\test_conflict.py               221      0   100%
tests\unit\engine\test_history.py                 82      0   100%
tests\unit\engine\test_override.py                13      0   100%
tests\unit\engine\test_state.py                  194      3    98%
tests\unit\engine\test_summary.py                 49     15    69%
tests\unit\engine\test_timeline.py               106      0   100%
tests\unit\llm\test_llm_provider.py              129      0   100%
tests\unit\llm\test_provider_chain.py             52      0   100%
tests\unit\llm\test_retry.py                     127      1    99%
tests\unit\models\test_agent_output.py            10      0   100%
tests\unit\models\test_conflict_model.py           9      0   100%
tests\unit\models\test_debate_round.py            15      0   100%
tests\unit\models\test_proposal.py                17      0   100%
tests\unit\services\test_gemini_explainer.py      42     10    76%
tests\unit\tools\test_cost_calculator.py          79     29    63%
tests\unit\tools\test_data_loader.py              96      0   100%
tests\unit\ui\test_transcript_view.py              9      0   100%
tests\unit\utils\test_validation.py               55      0   100%
tools\__init__.py                                  0      0   100%
tools\cost_calculator.py                          37     21    43%
tools\data_loader.py                             104     11    89%
tools\eval_harness.py                            141     56    60%
ui\__init__.py                                     0      0   100%
ui\components\transcript_view.py                  93     57    39%
------------------------------------------------------------------
TOTAL                                           5312   1298    76%

=========================== short test summary info ===========================
FAILED tests/integration/test_debate.py::TestRunDebateRound::test_estimated_cost_proposals_ignored
FAILED tests/integration/test_debate.py::TestRunDebateRound::test_end_to_end_integration
FAILED tests/unit/engine/test_summary.py::test_summary_no_changes - Attribute...
FAILED tests/unit/engine/test_summary.py::test_summary_with_changes - Attribu...
FAILED tests/unit/engine/test_summary.py::test_summary_with_override - Attrib...
FAILED tests/unit/engine/test_summary.py::test_summary_with_escalation - Attr...
FAILED tests/unit/llm/test_retry.py::TestGeminiProviderAdvanced::test_budget_exhausted_skips_call_entirely
FAILED tests/unit/services/test_gemini_explainer.py::test_generate_judge_brief_fallback
FAILED tests/unit/services/test_gemini_explainer.py::test_generate_judge_brief_budget_exhausted
FAILED tests/unit/services/test_gemini_explainer.py::test_generate_judge_brief_exception_fallback
FAILED tests/unit/tools/test_cost_calculator.py::TestCostCalculator::test_baseline_proposal
FAILED tests/unit/tools/test_cost_calculator.py::TestCostCalculator::test_increased_housing
FAILED tests/unit/tools/test_cost_calculator.py::TestCostCalculator::test_reduced_housing
FAILED tests/unit/tools/test_cost_calculator.py::TestCostCalculator::test_increased_green_space
FAILED tests/unit/tools/test_cost_calculator.py::TestCostCalculator::test_increased_parking
FAILED tests/unit/tools/test_cost_calculator.py::TestCostCalculator::test_missing_cost_data
FAILED tests/unit/tools/test_cost_calculator.py::TestCostCalculator::test_city_index_normalization_large_value
FAILED tests/unit/tools/test_cost_calculator.py::TestCostCalculator::test_city_index_normalization_small_value
FAILED tests/unit/tools/test_cost_calculator.py::TestCostCalculator::test_real_city_calculation
======================= 19 failed, 234 passed in 36.95s =======================
